// Vitest Snapshot v1, https://vitest.dev/guide/snapshot.html

exports[`3D finish (mesh-height raster) posted on Laguna Swift 5x10 (vcarve_mach3) > posted program is stable (snapshot, coarse stepover) 1`] = `
"%
; VCarve Pro post — Laguna Swift 5×10 (laguna-swift-5x10)
; ---------------------------------------------------------------------------
; UNVERIFIED G-CODE — verify every line against your Mach3/Mach4 setup before
; running on the machine. Output is not guaranteed safe for any real machine.
; ---------------------------------------------------------------------------
; Wood routing checklist:
; [1] Material clamped flat to spoilboard, no warps under bit path
; [2] Tool-length set: V-bit at sharp tip, end mill at flute bottom, drill at tip
; [3] WCS X0/Y0 at workpiece corner per VCarve Pro setup; Z0 = top of stock
; [4] Dust collection ON (set \`dustCollection: true\` to emit M7/M9, or
;     uncomment manually if your controller wires different M-codes)
; [5] Air-cut first: spindle off, Z high, 25–50% feed override
; ---------------------------------------------------------------------------
; Work area (mm): 1524 x 3048 x 203
; Spindle max: 24000 RPM
; ---------------------------------------------------------------------------
G21        ; G21=mm / G20=inch — must match controller defaults at power-on
G90              ; absolute distance mode
G17              ; XY plane (typical for G2/G3 arcs)
G94              ; feed in units/min
; Active work offset — verify fixture zero matches G54–G59 selection
G54
; ---------------------------------------------------------------------------
; Spindle on (dialect snippet — Mach3 emits M3 S<rpm>)
M3
G4 P2.0          ; dwell 2 s for spindle to reach commanded RPM (wood router warmup)
; M7              ; coolant/mist OFF — set dustCollection flag to emit M7 here
; M8              ; flood coolant — typically OFF for wood; uncomment for wet ops
; ---------------------------------------------------------------------------
; [ID-0110] Pre-cut safe-Z lift -- mirrors carvera_3axis.hbs / carvera_4axis.hbs
; so the first XY/Z move below executes from a known clearance regardless of
; what Z the controller booted into or where the previous job left it.
G0 Z203 ; safe Z retract before toolpath -- uses machine work area Z height
G0 Z20.000
G0 X10.000 Y10.000
G1 Z0.000 F300
G1 X12.000 Y10.000 Z0.000 F1600
G1 X14.000 Y10.000 Z0.000 F1600
G1 X16.000 Y10.000 Z0.000 F1600
G1 X18.000 Y10.000 Z0.000 F1600
G1 X20.000 Y10.000 Z0.000 F1600
G1 X22.000 Y10.000 Z0.000 F1600
G1 X24.000 Y10.000 Z0.000 F1600
G1 X26.000 Y10.000 Z0.000 F1600
G1 X28.000 Y10.000 Z0.000 F1600
G1 X30.000 Y10.000 Z0.000 F1600
G0 Z20.000
G0 X30.000 Y15.880
G1 Z0.000 F300
G1 X28.000 Y15.880 Z2.000 F1600
G1 X26.000 Y15.880 Z4.000 F1600
G1 X24.000 Y15.880 Z5.880 F1600
G1 X22.000 Y15.880 Z5.880 F1600
G1 X20.000 Y15.880 Z5.880 F1600
G1 X18.000 Y15.880 Z5.880 F1600
G1 X16.000 Y15.880 Z5.880 F1600
G1 X14.000 Y15.880 Z4.000 F1600
G1 X12.000 Y15.880 Z2.000 F1600
G1 X10.000 Y15.880 Z0.000 F1600
G0 Z20.000
G0 X10.000 Y21.760
G1 Z0.000 F300
G1 X12.000 Y21.760 Z2.000 F1600
G1 X14.000 Y21.760 Z4.000 F1600
G1 X16.000 Y21.760 Z6.000 F1600
G1 X18.000 Y21.760 Z8.000 F1600
G1 X20.000 Y21.760 Z8.240 F1600
G1 X22.000 Y21.760 Z8.000 F1600
G1 X24.000 Y21.760 Z6.000 F1600
G1 X26.000 Y21.760 Z4.000 F1600
G1 X28.000 Y21.760 Z2.000 F1600
G1 X30.000 Y21.760 Z0.000 F1600
G0 Z20.000
G0 X30.000 Y27.640
G1 Z0.000 F300
G1 X28.000 Y27.640 Z2.000 F1600
G1 X26.000 Y27.640 Z2.360 F1600
G1 X24.000 Y27.640 Z2.360 F1600
G1 X22.000 Y27.640 Z2.360 F1600
G1 X20.000 Y27.640 Z2.360 F1600
G1 X18.000 Y27.640 Z2.360 F1600
G1 X16.000 Y27.640 Z2.360 F1600
G1 X14.000 Y27.640 Z2.360 F1600
G1 X12.000 Y27.640 Z2.000 F1600
G1 X10.000 Y27.640 Z0.000 F1600
G0 Z20.000
; ---------------------------------------------------------------------------
; M9              ; coolant/dust OFF — set dustCollection flag to emit M9 here
; Spindle off (dialect snippet — usually M5)
M5
G4 P3.0          ; dwell 3 s — spindle cool-down ramp before safe-Z retract
G0 Z203 ; safe Z retract — uses machine work area Z height
G0 X0 Y0                     ; park X Y at WCS origin (adjust to your preferred home)
M30              ; program end + rewind (Mach3 expects M30, not M2)
%
"
`;
